// Jest Snapshot v1, https://goo.gl/fbAQLP

exports[`[Feature] pageLoader renders 1`] = `
<div
  className="loader-wrapper"
>
  <Loader
    active={true}
    size="large"
  >
    loading...
  </Loader>
</div>
`;
