// Jest Snapshot v1, https://goo.gl/fbAQLP

exports[`[Component] WorkplaceSelection renders 1`] = `<Component />`;
